{"__type":"$$EventMessageAudit","id":"054f00fd-2e9d-40f3-81e1-274633137fd0","ts":"2026-09-08T12:12:16.108+00:00","eventName":"n8n.audit.workflow.updated","message":"n8n.audit.workflow.updated","payload":{"userId":"25dc20bc-d38f-4775-a72b-41f6a2d9e770","_email":"lorenzobordi17@gmail.com","_firstName":"Lorenzo","_lastName":"BOrdi","globalRole":"global:owner","workflowId":"uz8sNltV71L72UPg","workflowName":"Braccio Fatture"}}
{"__type":"$$EventMessageConfirm","confirm":"054f00fd-2e9d-40f3-81e1-274633137fd0","ts":"2026-09-08T12:12:16.109+00:00","source":{"id":"0","name":"eventBus"}}
{"__type":"$$EventMessageAudit","id":"be504cba-687c-47fa-8d23-9a095681007e","ts":"2026-09-08T12:12:16.754+00:00","eventName":"n8n.audit.workflow.executed","message":"n8n.audit.workflow.executed","payload":{"userId":"25dc20bc-d38f-4775-a72b-41f6a2d9e770","_email":"lorenzobordi17@gmail.com","_firstName":"Lorenzo","_lastName":"BOrdi","globalRole":"global:owner","workflowId":"uz8sNltV71L72UPg","workflowName":"Braccio Fatture","executionId":"91","projectId":"sxCUVzw8ro4cmdY7","projectName":"Lorenzo BOrdi <lorenzobordi17@gmail.com>","source":"user-manual"}}
{"__type":"$$EventMessageConfirm","confirm":"be504cba-687c-47fa-8d23-9a095681007e","ts":"2026-09-08T12:12:16.754+00:00","source":{"id":"0","name":"eventBus"}}
{"__type":"$$EventMessageWorkflow","id":"fbeabe43-40d1-4ebc-899d-9c4791e51d24","ts":"2026-09-08T12:12:16.756+00:00","eventName":"n8n.workflow.started","message":"n8n.workflow.started","payload":{"executionId":"91","workflowId":"uz8sNltV71L72UPg","isManual":false,"mode":"manual","workflowName":"Braccio Fatture","projectId":"sxCUVzw8ro4cmdY7","projectName":"Lorenzo BOrdi <lorenzobordi17@gmail.com>"}}
{"__type":"$$EventMessageConfirm","confirm":"fbeabe43-40d1-4ebc-899d-9c4791e51d24","ts":"2026-09-08T12:12:16.758+00:00","source":{"id":"0","name":"eventBus"}}
{"__type":"$$EventMessageNode","id":"56d24eab-2fb2-46ba-bcb2-85f52799b0c1","ts":"2026-09-08T12:12:16.776+00:00","eventName":"n8n.node.started","message":"n8n.node.started","payload":{"workflowId":"uz8sNltV71L72UPg","workflowName":"Braccio Fatture","executionId":"91","nodeType":"n8n-nodes-base.manualTrigger","nodeName":"Manuale","nodeId":"b1e2fbd3-cfc4-433f-89cd-e9a0cb27219b"}}
{"__type":"$$EventMessageConfirm","confirm":"56d24eab-2fb2-46ba-bcb2-85f52799b0c1","ts":"2026-09-08T12:12:16.776+00:00","source":{"id":"0","name":"eventBus"}}
{"__type":"$$EventMessageNode","id":"1b556b4f-43f1-4f19-9617-12878c06549b","ts":"2026-09-08T12:12:16.782+00:00","eventName":"n8n.node.finished","message":"n8n.node.finished","payload":{"workflowId":"uz8sNltV71L72UPg","workflowName":"Braccio Fatture","executionId":"91","nodeType":"n8n-nodes-base.manualTrigger","nodeName":"Manuale","nodeId":"b1e2fbd3-cfc4-433f-89cd-e9a0cb27219b"}}
{"__type":"$$EventMessageConfirm","confirm":"1b556b4f-43f1-4f19-9617-12878c06549b","ts":"2026-09-08T12:12:16.783+00:00","source":{"id":"0","name":"eventBus"}}
{"__type":"$$EventMessageNode","id":"12db38c7-07fc-4968-bc98-88d2bc1ca496","ts":"2026-09-08T12:12:16.786+00:00","eventName":"n8n.node.started","message":"n8n.node.started","payload":{"workflowId":"uz8sNltV71L72UPg","workflowName":"Braccio Fatture","executionId":"91","nodeType":"n8n-nodes-base.set","nodeName":"Orario Elaborazione","nodeId":"8ee16920-d2fc-4046-9949-ef0751b35114"}}
{"__type":"$$EventMessageConfirm","confirm":"12db38c7-07fc-4968-bc98-88d2bc1ca496","ts":"2026-09-08T12:12:16.787+00:00","source":{"id":"0","name":"eventBus"}}
{"__type":"$$EventMessageNode","id":"79ebef8b-b0c9-4e5f-a9d2-6234ca32e9db","ts":"2026-09-08T14:12:16.843+02:00","eventName":"n8n.node.finished","message":"n8n.node.finished","payload":{"workflowId":"uz8sNltV71L72UPg","workflowName":"Braccio Fatture","executionId":"91","nodeType":"n8n-nodes-base.set","nodeName":"Orario Elaborazione","nodeId":"8ee16920-d2fc-4046-9949-ef0751b35114"}}
{"__type":"$$EventMessageConfirm","confirm":"79ebef8b-b0c9-4e5f-a9d2-6234ca32e9db","ts":"2026-09-08T14:12:16.844+02:00","source":{"id":"0","name":"eventBus"}}
{"__type":"$$EventMessageNode","id":"a11bfb31-0874-4d67-8510-7411a8da3302","ts":"2026-09-08T14:12:16.846+02:00","eventName":"n8n.node.started","message":"n8n.node.started","payload":{"workflowId":"uz8sNltV71L72UPg","workflowName":"Braccio Fatture","executionId":"91","nodeType":"n8n-nodes-base.readWriteFile","nodeName":"Leggi PDF","nodeId":"ef2a2d66-95f8-4ae6-b7dd-50842c289ffb"}}
{"__type":"$$EventMessageConfirm","confirm":"a11bfb31-0874-4d67-8510-7411a8da3302","ts":"2026-09-08T14:12:16.846+02:00","source":{"id":"0","name":"eventBus"}}
{"__type":"$$EventMessageNode","id":"64facde2-ea7d-4d33-98f8-3d13e6dc9ce7","ts":"2026-09-08T14:12:16.944+02:00","eventName":"n8n.node.finished","message":"n8n.node.finished","payload":{"workflowId":"uz8sNltV71L72UPg","workflowName":"Braccio Fatture","executionId":"91","nodeType":"n8n-nodes-base.readWriteFile","nodeName":"Leggi PDF","nodeId":"ef2a2d66-95f8-4ae6-b7dd-50842c289ffb"}}
{"__type":"$$EventMessageConfirm","confirm":"64facde2-ea7d-4d33-98f8-3d13e6dc9ce7","ts":"2026-09-08T14:12:16.944+02:00","source":{"id":"0","name":"eventBus"}}
{"__type":"$$EventMessageNode","id":"70604309-823c-4ba8-b6f0-077adb127929","ts":"2026-09-08T14:12:16.945+02:00","eventName":"n8n.node.started","message":"n8n.node.started","payload":{"workflowId":"uz8sNltV71L72UPg","workflowName":"Braccio Fatture","executionId":"91","nodeType":"n8n-nodes-base.httpRequest","nodeName":"Motore Python","nodeId":"86c32f83-f4d0-4b87-a59b-7ded2a484ffe"}}
{"__type":"$$EventMessageConfirm","confirm":"70604309-823c-4ba8-b6f0-077adb127929","ts":"2026-09-08T14:12:16.945+02:00","source":{"id":"0","name":"eventBus"}}
{"__type":"$$EventMessageNode","id":"dc94d5b0-2807-4862-8d9a-b63f18bb22da","ts":"2026-09-08T14:12:52.335+02:00","eventName":"n8n.node.finished","message":"n8n.node.finished","payload":{"workflowId":"uz8sNltV71L72UPg","workflowName":"Braccio Fatture","executionId":"91","nodeType":"n8n-nodes-base.httpRequest","nodeName":"Motore Python","nodeId":"86c32f83-f4d0-4b87-a59b-7ded2a484ffe"}}
{"__type":"$$EventMessageConfirm","confirm":"dc94d5b0-2807-4862-8d9a-b63f18bb22da","ts":"2026-09-08T14:12:52.335+02:00","source":{"id":"0","name":"eventBus"}}
{"__type":"$$EventMessageNode","id":"50a17efe-9b22-439b-b6b6-c9caeba8ca9c","ts":"2026-09-08T14:12:52.337+02:00","eventName":"n8n.node.started","message":"n8n.node.started","payload":{"workflowId":"uz8sNltV71L72UPg","workflowName":"Braccio Fatture","executionId":"91","nodeType":"n8n-nodes-base.httpRequest","nodeName":"Dati riepilogo","nodeId":"ae2ede57-515e-4f21-a499-e1af9cd8ff7f"}}
{"__type":"$$EventMessageConfirm","confirm":"50a17efe-9b22-439b-b6b6-c9caeba8ca9c","ts":"2026-09-08T14:12:52.337+02:00","source":{"id":"0","name":"eventBus"}}
{"__type":"$$EventMessageNode","id":"82fea482-ce99-4190-a5b1-0051f95e29a3","ts":"2026-09-08T14:12:52.398+02:00","eventName":"n8n.node.finished","message":"n8n.node.finished","payload":{"workflowId":"uz8sNltV71L72UPg","workflowName":"Braccio Fatture","executionId":"91","nodeType":"n8n-nodes-base.httpRequest","nodeName":"Dati riepilogo","nodeId":"ae2ede57-515e-4f21-a499-e1af9cd8ff7f"}}
{"__type":"$$EventMessageConfirm","confirm":"82fea482-ce99-4190-a5b1-0051f95e29a3","ts":"2026-09-08T14:12:52.398+02:00","source":{"id":"0","name":"eventBus"}}
{"__type":"$$EventMessageNode","id":"d5997d17-a130-4db3-8120-3d651c17fec3","ts":"2026-09-08T14:12:52.399+02:00","eventName":"n8n.node.started","message":"n8n.node.started","payload":{"workflowId":"uz8sNltV71L72UPg","workflowName":"Braccio Fatture","executionId":"91","nodeType":"n8n-nodes-base.code","nodeName":"Html Email","nodeId":"a0aa899a-a97b-47e4-b192-f2a55efa4f8c"}}
{"__type":"$$EventMessageConfirm","confirm":"d5997d17-a130-4db3-8120-3d651c17fec3","ts":"2026-09-08T14:12:52.400+02:00","source":{"id":"0","name":"eventBus"}}
{"__type":"$$EventMessageRunner","id":"80f29eda-eedc-42ed-a42d-074c4187237c","ts":"2026-09-08T14:12:52.405+02:00","eventName":"n8n.runner.task.requested","message":"n8n.runner.task.requested","payload":{"taskId":"1ZTAiTrt","nodeId":"a0aa899a-a97b-47e4-b192-f2a55efa4f8c","workflowId":"uz8sNltV71L72UPg","executionId":"91"}}
{"__type":"$$EventMessageConfirm","confirm":"80f29eda-eedc-42ed-a42d-074c4187237c","ts":"2026-09-08T14:12:52.405+02:00","source":{"id":"0","name":"eventBus"}}
{"__type":"$$EventMessageRunner","id":"17814077-3bfa-4fee-b40f-14ba74cb7b4c","ts":"2026-09-08T14:12:52.495+02:00","eventName":"n8n.runner.response.received","message":"n8n.runner.response.received","payload":{"taskId":"1ZTAiTrt","nodeId":"a0aa899a-a97b-47e4-b192-f2a55efa4f8c","workflowId":"uz8sNltV71L72UPg","executionId":"91"}}
{"__type":"$$EventMessageConfirm","confirm":"17814077-3bfa-4fee-b40f-14ba74cb7b4c","ts":"2026-09-08T14:12:52.495+02:00","source":{"id":"0","name":"eventBus"}}
{"__type":"$$EventMessageNode","id":"ce7c52be-b69d-4d56-bf61-bccaf5eb9d0d","ts":"2026-09-08T14:12:52.496+02:00","eventName":"n8n.node.finished","message":"n8n.node.finished","payload":{"workflowId":"uz8sNltV71L72UPg","workflowName":"Braccio Fatture","executionId":"91","nodeType":"n8n-nodes-base.code","nodeName":"Html Email","nodeId":"a0aa899a-a97b-47e4-b192-f2a55efa4f8c"}}
{"__type":"$$EventMessageConfirm","confirm":"ce7c52be-b69d-4d56-bf61-bccaf5eb9d0d","ts":"2026-09-08T14:12:52.496+02:00","source":{"id":"0","name":"eventBus"}}
{"__type":"$$EventMessageNode","id":"a8efee7e-49d6-408d-8628-e285719ae8fb","ts":"2026-09-08T14:12:52.497+02:00","eventName":"n8n.node.started","message":"n8n.node.started","payload":{"workflowId":"uz8sNltV71L72UPg","workflowName":"Braccio Fatture","executionId":"91","nodeType":"n8n-nodes-base.emailSend","nodeName":"Email riepilogo","nodeId":"7334051e-07ec-43bf-ad74-c10c6f855265"}}
{"__type":"$$EventMessageConfirm","confirm":"a8efee7e-49d6-408d-8628-e285719ae8fb","ts":"2026-09-08T14:12:52.497+02:00","source":{"id":"0","name":"eventBus"}}
{"__type":"$$EventMessageNode","id":"26bc66f9-8893-4559-9b76-fb979af204e2","ts":"2026-09-08T14:12:53.558+02:00","eventName":"n8n.node.finished","message":"n8n.node.finished","payload":{"workflowId":"uz8sNltV71L72UPg","workflowName":"Braccio Fatture","executionId":"91","nodeType":"n8n-nodes-base.emailSend","nodeName":"Email riepilogo","nodeId":"7334051e-07ec-43bf-ad74-c10c6f855265"}}
{"__type":"$$EventMessageConfirm","confirm":"26bc66f9-8893-4559-9b76-fb979af204e2","ts":"2026-09-08T14:12:53.558+02:00","source":{"id":"0","name":"eventBus"}}
{"__type":"$$EventMessageWorkflow","id":"14e2fca5-7fb8-4953-b3a6-a40508d862b0","ts":"2026-09-08T14:12:53.561+02:00","eventName":"n8n.workflow.success","message":"n8n.workflow.success","payload":{"userId":"25dc20bc-d38f-4775-a72b-41f6a2d9e770","executionId":"91","success":true,"isManual":true,"mode":"manual","workflowId":"uz8sNltV71L72UPg","workflowName":"Braccio Fatture","projectId":"sxCUVzw8ro4cmdY7","projectName":"Lorenzo BOrdi <lorenzobordi17@gmail.com>"}}
{"__type":"$$EventMessageConfirm","confirm":"14e2fca5-7fb8-4953-b3a6-a40508d862b0","ts":"2026-09-08T14:12:53.561+02:00","source":{"id":"0","name":"eventBus"}}
{"__type":"$$EventMessageAudit","id":"066eab6f-2b4f-42b7-8ae3-03ac7da6e494","ts":"2026-09-08T14:16:14.357+02:00","eventName":"n8n.audit.workflow.updated","message":"n8n.audit.workflow.updated","payload":{"userId":"25dc20bc-d38f-4775-a72b-41f6a2d9e770","_email":"lorenzobordi17@gmail.com","_firstName":"Lorenzo","_lastName":"BOrdi","globalRole":"global:owner","workflowId":"uz8sNltV71L72UPg","workflowName":"Braccio Fatture"}}
{"__type":"$$EventMessageConfirm","confirm":"066eab6f-2b4f-42b7-8ae3-03ac7da6e494","ts":"2026-09-08T14:16:14.357+02:00","source":{"id":"0","name":"eventBus"}}
{"__type":"$$EventMessageAudit","id":"34172527-3e51-44f7-a0a0-218cf74fe56a","ts":"2026-09-08T14:16:15.417+02:00","eventName":"n8n.audit.workflow.updated","message":"n8n.audit.workflow.updated","payload":{"userId":"25dc20bc-d38f-4775-a72b-41f6a2d9e770","_email":"lorenzobordi17@gmail.com","_firstName":"Lorenzo","_lastName":"BOrdi","globalRole":"global:owner","workflowId":"uz8sNltV71L72UPg","workflowName":"Braccio Fatture"}}
{"__type":"$$EventMessageConfirm","confirm":"34172527-3e51-44f7-a0a0-218cf74fe56a","ts":"2026-09-08T14:16:15.417+02:00","source":{"id":"0","name":"eventBus"}}
{"__type":"$$EventMessageAudit","id":"a8dae399-b66f-4c2e-89ac-77e1c633e63f","ts":"2026-09-08T14:16:15.615+02:00","eventName":"n8n.audit.workflow.executed","message":"n8n.audit.workflow.executed","payload":{"userId":"25dc20bc-d38f-4775-a72b-41f6a2d9e770","_email":"lorenzobordi17@gmail.com","_firstName":"Lorenzo","_lastName":"BOrdi","globalRole":"global:owner","workflowId":"uz8sNltV71L72UPg","workflowName":"Braccio Fatture","executionId":"92","projectId":"sxCUVzw8ro4cmdY7","projectName":"Lorenzo BOrdi <lorenzobordi17@gmail.com>","source":"user-manual"}}
{"__type":"$$EventMessageConfirm","confirm":"a8dae399-b66f-4c2e-89ac-77e1c633e63f","ts":"2026-09-08T14:16:15.616+02:00","source":{"id":"0","name":"eventBus"}}
{"__type":"$$EventMessageWorkflow","id":"a6199ee6-94ee-45c8-b393-e1c706237300","ts":"2026-09-08T14:16:15.686+02:00","eventName":"n8n.workflow.started","message":"n8n.workflow.started","payload":{"executionId":"92","workflowId":"uz8sNltV71L72UPg","isManual":false,"mode":"manual","workflowName":"Braccio Fatture","projectId":"sxCUVzw8ro4cmdY7","projectName":"Lorenzo BOrdi <lorenzobordi17@gmail.com>"}}
{"__type":"$$EventMessageConfirm","confirm":"a6199ee6-94ee-45c8-b393-e1c706237300","ts":"2026-09-08T14:16:15.686+02:00","source":{"id":"0","name":"eventBus"}}
{"__type":"$$EventMessageNode","id":"2aef1cc9-b3b3-4b43-af88-3a59e0ddfe88","ts":"2026-09-08T14:16:15.699+02:00","eventName":"n8n.node.started","message":"n8n.node.started","payload":{"workflowId":"uz8sNltV71L72UPg","workflowName":"Braccio Fatture","executionId":"92","nodeType":"n8n-nodes-base.manualTrigger","nodeName":"Manuale","nodeId":"b1e2fbd3-cfc4-433f-89cd-e9a0cb27219b"}}
{"__type":"$$EventMessageConfirm","confirm":"2aef1cc9-b3b3-4b43-af88-3a59e0ddfe88","ts":"2026-09-08T14:16:15.699+02:00","source":{"id":"0","name":"eventBus"}}
{"__type":"$$EventMessageNode","id":"44f62f0f-7d37-4c13-a738-60d63234512b","ts":"2026-09-08T14:16:15.700+02:00","eventName":"n8n.node.finished","message":"n8n.node.finished","payload":{"workflowId":"uz8sNltV71L72UPg","workflowName":"Braccio Fatture","executionId":"92","nodeType":"n8n-nodes-base.manualTrigger","nodeName":"Manuale","nodeId":"b1e2fbd3-cfc4-433f-89cd-e9a0cb27219b"}}
{"__type":"$$EventMessageConfirm","confirm":"44f62f0f-7d37-4c13-a738-60d63234512b","ts":"2026-09-08T14:16:15.700+02:00","source":{"id":"0","name":"eventBus"}}
{"__type":"$$EventMessageNode","id":"5b081fe9-2701-4136-abc0-54afb94ef52d","ts":"2026-09-08T14:16:15.701+02:00","eventName":"n8n.node.started","message":"n8n.node.started","payload":{"workflowId":"uz8sNltV71L72UPg","workflowName":"Braccio Fatture","executionId":"92","nodeType":"n8n-nodes-base.readWriteFile","nodeName":"Leggi Fatture","nodeId":"5faa57ec-4114-4075-96de-b1e886aee207"}}
{"__type":"$$EventMessageConfirm","confirm":"5b081fe9-2701-4136-abc0-54afb94ef52d","ts":"2026-09-08T14:16:15.701+02:00","source":{"id":"0","name":"eventBus"}}
{"__type":"$$EventMessageNode","id":"1bfde6fe-d8f2-442e-b301-77f65fdb72cc","ts":"2026-09-08T14:16:15.912+02:00","eventName":"n8n.node.finished","message":"n8n.node.finished","payload":{"workflowId":"uz8sNltV71L72UPg","workflowName":"Braccio Fatture","executionId":"92","nodeType":"n8n-nodes-base.readWriteFile","nodeName":"Leggi Fatture","nodeId":"5faa57ec-4114-4075-96de-b1e886aee207"}}
{"__type":"$$EventMessageConfirm","confirm":"1bfde6fe-d8f2-442e-b301-77f65fdb72cc","ts":"2026-09-08T14:16:15.912+02:00","source":{"id":"0","name":"eventBus"}}
{"__type":"$$EventMessageNode","id":"90cbfd74-dd12-4c9c-aafb-bc3ebb2aa618","ts":"2026-09-08T14:16:15.914+02:00","eventName":"n8n.node.started","message":"n8n.node.started","payload":{"workflowId":"uz8sNltV71L72UPg","workflowName":"Braccio Fatture","executionId":"92","nodeType":"n8n-nodes-base.httpRequest","nodeName":"Abbina Fattura","nodeId":"031d6135-af9d-470e-a6f2-a400a7241fbb"}}
{"__type":"$$EventMessageConfirm","confirm":"90cbfd74-dd12-4c9c-aafb-bc3ebb2aa618","ts":"2026-09-08T14:16:15.914+02:00","source":{"id":"0","name":"eventBus"}}
{"__type":"$$EventMessageNode","id":"37fcd8b0-332d-44c9-97a9-7551986f3519","ts":"2026-09-08T14:16:16.718+02:00","eventName":"n8n.node.finished","message":"n8n.node.finished","payload":{"workflowId":"uz8sNltV71L72UPg","workflowName":"Braccio Fatture","executionId":"92","nodeType":"n8n-nodes-base.httpRequest","nodeName":"Abbina Fattura","nodeId":"031d6135-af9d-470e-a6f2-a400a7241fbb"}}
{"__type":"$$EventMessageConfirm","confirm":"37fcd8b0-332d-44c9-97a9-7551986f3519","ts":"2026-09-08T14:16:16.718+02:00","source":{"id":"0","name":"eventBus"}}
{"__type":"$$EventMessageNode","id":"6392c427-64df-4186-a9a0-cd9221679b56","ts":"2026-09-08T14:16:16.719+02:00","eventName":"n8n.node.started","message":"n8n.node.started","payload":{"workflowId":"uz8sNltV71L72UPg","workflowName":"Braccio Fatture","executionId":"92","nodeType":"n8n-nodes-base.code","nodeName":"Html Fatture","nodeId":"42a7141c-aec9-47cd-93b5-16f2fd08f34a"}}
{"__type":"$$EventMessageConfirm","confirm":"6392c427-64df-4186-a9a0-cd9221679b56","ts":"2026-09-08T14:16:16.720+02:00","source":{"id":"0","name":"eventBus"}}
{"__type":"$$EventMessageRunner","id":"571e93c3-10e8-4942-b6c1-abc8bda0b141","ts":"2026-09-08T14:16:16.721+02:00","eventName":"n8n.runner.task.requested","message":"n8n.runner.task.requested","payload":{"taskId":"G3BybDdu","nodeId":"42a7141c-aec9-47cd-93b5-16f2fd08f34a","workflowId":"uz8sNltV71L72UPg","executionId":"92"}}
{"__type":"$$EventMessageConfirm","confirm":"571e93c3-10e8-4942-b6c1-abc8bda0b141","ts":"2026-09-08T14:16:16.722+02:00","source":{"id":"0","name":"eventBus"}}
{"__type":"$$EventMessageRunner","id":"462cede2-ee97-4785-8d6c-7594f78ab962","ts":"2026-09-08T14:16:16.748+02:00","eventName":"n8n.runner.response.received","message":"n8n.runner.response.received","payload":{"taskId":"G3BybDdu","nodeId":"42a7141c-aec9-47cd-93b5-16f2fd08f34a","workflowId":"uz8sNltV71L72UPg","executionId":"92"}}
{"__type":"$$EventMessageConfirm","confirm":"462cede2-ee97-4785-8d6c-7594f78ab962","ts":"2026-09-08T14:16:16.748+02:00","source":{"id":"0","name":"eventBus"}}
{"__type":"$$EventMessageNode","id":"7c8d8772-c6e0-47f0-a620-4fdd323f0dcd","ts":"2026-09-08T14:16:16.749+02:00","eventName":"n8n.node.finished","message":"n8n.node.finished","payload":{"workflowId":"uz8sNltV71L72UPg","workflowName":"Braccio Fatture","executionId":"92","nodeType":"n8n-nodes-base.code","nodeName":"Html Fatture","nodeId":"42a7141c-aec9-47cd-93b5-16f2fd08f34a"}}
{"__type":"$$EventMessageConfirm","confirm":"7c8d8772-c6e0-47f0-a620-4fdd323f0dcd","ts":"2026-09-08T14:16:16.749+02:00","source":{"id":"0","name":"eventBus"}}
{"__type":"$$EventMessageNode","id":"9c3fe727-e24b-412d-87f9-11449c7f4a46","ts":"2026-09-08T14:16:16.751+02:00","eventName":"n8n.node.started","message":"n8n.node.started","payload":{"workflowId":"uz8sNltV71L72UPg","workflowName":"Braccio Fatture","executionId":"92","nodeType":"n8n-nodes-base.emailSend","nodeName":"Email Fatture","nodeId":"d4432173-c085-4fe5-8f90-a2fa13006ae6"}}
{"__type":"$$EventMessageConfirm","confirm":"9c3fe727-e24b-412d-87f9-11449c7f4a46","ts":"2026-09-08T14:16:16.751+02:00","source":{"id":"0","name":"eventBus"}}
{"__type":"$$EventMessageNode","id":"c445b5ea-6f30-4d57-8cb8-12c78a36e9b7","ts":"2026-09-08T14:16:17.736+02:00","eventName":"n8n.node.finished","message":"n8n.node.finished","payload":{"workflowId":"uz8sNltV71L72UPg","workflowName":"Braccio Fatture","executionId":"92","nodeType":"n8n-nodes-base.emailSend","nodeName":"Email Fatture","nodeId":"d4432173-c085-4fe5-8f90-a2fa13006ae6"}}
{"__type":"$$EventMessageConfirm","confirm":"c445b5ea-6f30-4d57-8cb8-12c78a36e9b7","ts":"2026-09-08T14:16:17.736+02:00","source":{"id":"0","name":"eventBus"}}
{"__type":"$$EventMessageWorkflow","id":"f4c5600c-d6bc-4b47-a32a-529006fc0c81","ts":"2026-09-08T14:16:17.737+02:00","eventName":"n8n.workflow.success","message":"n8n.workflow.success","payload":{"userId":"25dc20bc-d38f-4775-a72b-41f6a2d9e770","executionId":"92","success":true,"isManual":true,"mode":"manual","workflowId":"uz8sNltV71L72UPg","workflowName":"Braccio Fatture","projectId":"sxCUVzw8ro4cmdY7","projectName":"Lorenzo BOrdi <lorenzobordi17@gmail.com>"}}
{"__type":"$$EventMessageConfirm","confirm":"f4c5600c-d6bc-4b47-a32a-529006fc0c81","ts":"2026-09-08T14:16:17.737+02:00","source":{"id":"0","name":"eventBus"}}
{"__type":"$$EventMessageAudit","id":"63fd3fc1-1356-4cda-bc06-4a7ba97ff104","ts":"2026-09-08T14:18:13.495+02:00","eventName":"n8n.audit.workflow.executed","message":"n8n.audit.workflow.executed","payload":{"userId":"25dc20bc-d38f-4775-a72b-41f6a2d9e770","_email":"lorenzobordi17@gmail.com","_firstName":"Lorenzo","_lastName":"BOrdi","globalRole":"global:owner","workflowId":"uz8sNltV71L72UPg","workflowName":"Braccio Fatture","executionId":"93","projectId":"sxCUVzw8ro4cmdY7","projectName":"Lorenzo BOrdi <lorenzobordi17@gmail.com>","source":"user-manual"}}
{"__type":"$$EventMessageConfirm","confirm":"63fd3fc1-1356-4cda-bc06-4a7ba97ff104","ts":"2026-09-08T14:18:13.495+02:00","source":{"id":"0","name":"eventBus"}}
{"__type":"$$EventMessageWorkflow","id":"d0267ebc-d128-48d9-adbe-01397fa4fb6f","ts":"2026-09-08T14:18:13.557+02:00","eventName":"n8n.workflow.started","message":"n8n.workflow.started","payload":{"executionId":"93","workflowId":"uz8sNltV71L72UPg","isManual":false,"mode":"manual","workflowName":"Braccio Fatture","projectId":"sxCUVzw8ro4cmdY7","projectName":"Lorenzo BOrdi <lorenzobordi17@gmail.com>"}}
{"__type":"$$EventMessageConfirm","confirm":"d0267ebc-d128-48d9-adbe-01397fa4fb6f","ts":"2026-09-08T14:18:13.558+02:00","source":{"id":"0","name":"eventBus"}}
{"__type":"$$EventMessageNode","id":"84f49577-a6af-4b42-bfc0-a7d1b46681fa","ts":"2026-09-08T14:18:13.569+02:00","eventName":"n8n.node.started","message":"n8n.node.started","payload":{"workflowId":"uz8sNltV71L72UPg","workflowName":"Braccio Fatture","executionId":"93","nodeType":"n8n-nodes-base.manualTrigger","nodeName":"Manuale","nodeId":"b1e2fbd3-cfc4-433f-89cd-e9a0cb27219b"}}
{"__type":"$$EventMessageConfirm","confirm":"84f49577-a6af-4b42-bfc0-a7d1b46681fa","ts":"2026-09-08T14:18:13.569+02:00","source":{"id":"0","name":"eventBus"}}
{"__type":"$$EventMessageNode","id":"eb989475-b1ae-4b96-918e-4d9d080141c7","ts":"2026-09-08T14:18:13.570+02:00","eventName":"n8n.node.finished","message":"n8n.node.finished","payload":{"workflowId":"uz8sNltV71L72UPg","workflowName":"Braccio Fatture","executionId":"93","nodeType":"n8n-nodes-base.manualTrigger","nodeName":"Manuale","nodeId":"b1e2fbd3-cfc4-433f-89cd-e9a0cb27219b"}}
{"__type":"$$EventMessageConfirm","confirm":"eb989475-b1ae-4b96-918e-4d9d080141c7","ts":"2026-09-08T14:18:13.570+02:00","source":{"id":"0","name":"eventBus"}}
{"__type":"$$EventMessageNode","id":"1ac7a453-0fe4-4801-8124-11c3317aa934","ts":"2026-09-08T14:18:13.571+02:00","eventName":"n8n.node.started","message":"n8n.node.started","payload":{"workflowId":"uz8sNltV71L72UPg","workflowName":"Braccio Fatture","executionId":"93","nodeType":"n8n-nodes-base.readWriteFile","nodeName":"Leggi Fatture","nodeId":"5faa57ec-4114-4075-96de-b1e886aee207"}}
{"__type":"$$EventMessageConfirm","confirm":"1ac7a453-0fe4-4801-8124-11c3317aa934","ts":"2026-09-08T14:18:13.571+02:00","source":{"id":"0","name":"eventBus"}}
{"__type":"$$EventMessageNode","id":"a7e415fd-87e7-4307-9337-22582bde7b36","ts":"2026-09-08T14:18:13.750+02:00","eventName":"n8n.node.finished","message":"n8n.node.finished","payload":{"workflowId":"uz8sNltV71L72UPg","workflowName":"Braccio Fatture","executionId":"93","nodeType":"n8n-nodes-base.readWriteFile","nodeName":"Leggi Fatture","nodeId":"5faa57ec-4114-4075-96de-b1e886aee207"}}
{"__type":"$$EventMessageConfirm","confirm":"a7e415fd-87e7-4307-9337-22582bde7b36","ts":"2026-09-08T14:18:13.750+02:00","source":{"id":"0","name":"eventBus"}}
{"__type":"$$EventMessageNode","id":"7b63f403-3e1f-4e9f-a8b0-66e9e9b9459b","ts":"2026-09-08T14:18:13.751+02:00","eventName":"n8n.node.started","message":"n8n.node.started","payload":{"workflowId":"uz8sNltV71L72UPg","workflowName":"Braccio Fatture","executionId":"93","nodeType":"n8n-nodes-base.httpRequest","nodeName":"Abbina Fattura","nodeId":"031d6135-af9d-470e-a6f2-a400a7241fbb"}}
{"__type":"$$EventMessageConfirm","confirm":"7b63f403-3e1f-4e9f-a8b0-66e9e9b9459b","ts":"2026-09-08T14:18:13.751+02:00","source":{"id":"0","name":"eventBus"}}
{"__type":"$$EventMessageNode","id":"d2ce480f-f470-4804-a21d-8003606e11d5","ts":"2026-09-08T14:18:14.051+02:00","eventName":"n8n.node.finished","message":"n8n.node.finished","payload":{"workflowId":"uz8sNltV71L72UPg","workflowName":"Braccio Fatture","executionId":"93","nodeType":"n8n-nodes-base.httpRequest","nodeName":"Abbina Fattura","nodeId":"031d6135-af9d-470e-a6f2-a400a7241fbb"}}
{"__type":"$$EventMessageConfirm","confirm":"d2ce480f-f470-4804-a21d-8003606e11d5","ts":"2026-09-08T14:18:14.051+02:00","source":{"id":"0","name":"eventBus"}}
{"__type":"$$EventMessageNode","id":"393257c9-a880-40ed-957f-695caab7eda7","ts":"2026-09-08T14:18:14.052+02:00","eventName":"n8n.node.started","message":"n8n.node.started","payload":{"workflowId":"uz8sNltV71L72UPg","workflowName":"Braccio Fatture","executionId":"93","nodeType":"n8n-nodes-base.code","nodeName":"Html Fatture","nodeId":"42a7141c-aec9-47cd-93b5-16f2fd08f34a"}}
{"__type":"$$EventMessageConfirm","confirm":"393257c9-a880-40ed-957f-695caab7eda7","ts":"2026-09-08T14:18:14.052+02:00","source":{"id":"0","name":"eventBus"}}
{"__type":"$$EventMessageRunner","id":"737ccccb-b32f-4c6a-81de-678de884740c","ts":"2026-09-08T14:18:14.053+02:00","eventName":"n8n.runner.task.requested","message":"n8n.runner.task.requested","payload":{"taskId":"TIxhbDKm","nodeId":"42a7141c-aec9-47cd-93b5-16f2fd08f34a","workflowId":"uz8sNltV71L72UPg","executionId":"93"}}
{"__type":"$$EventMessageConfirm","confirm":"737ccccb-b32f-4c6a-81de-678de884740c","ts":"2026-09-08T14:18:14.054+02:00","source":{"id":"0","name":"eventBus"}}
{"__type":"$$EventMessageRunner","id":"cd610f96-5d38-4575-8dac-55fa2be839b0","ts":"2026-09-08T14:18:14.084+02:00","eventName":"n8n.runner.response.received","message":"n8n.runner.response.received","payload":{"taskId":"TIxhbDKm","nodeId":"42a7141c-aec9-47cd-93b5-16f2fd08f34a","workflowId":"uz8sNltV71L72UPg","executionId":"93"}}
{"__type":"$$EventMessageConfirm","confirm":"cd610f96-5d38-4575-8dac-55fa2be839b0","ts":"2026-09-08T14:18:14.084+02:00","source":{"id":"0","name":"eventBus"}}
{"__type":"$$EventMessageNode","id":"59eb5e1a-611f-42d3-925d-2d33e7fa8343","ts":"2026-09-08T14:18:14.084+02:00","eventName":"n8n.node.finished","message":"n8n.node.finished","payload":{"workflowId":"uz8sNltV71L72UPg","workflowName":"Braccio Fatture","executionId":"93","nodeType":"n8n-nodes-base.code","nodeName":"Html Fatture","nodeId":"42a7141c-aec9-47cd-93b5-16f2fd08f34a"}}
{"__type":"$$EventMessageConfirm","confirm":"59eb5e1a-611f-42d3-925d-2d33e7fa8343","ts":"2026-09-08T14:18:14.084+02:00","source":{"id":"0","name":"eventBus"}}
{"__type":"$$EventMessageNode","id":"be530ea2-84cf-484b-a977-9eb9ec2dbc96","ts":"2026-09-08T14:18:14.085+02:00","eventName":"n8n.node.started","message":"n8n.node.started","payload":{"workflowId":"uz8sNltV71L72UPg","workflowName":"Braccio Fatture","executionId":"93","nodeType":"n8n-nodes-base.emailSend","nodeName":"Email Fatture","nodeId":"d4432173-c085-4fe5-8f90-a2fa13006ae6"}}
{"__type":"$$EventMessageConfirm","confirm":"be530ea2-84cf-484b-a977-9eb9ec2dbc96","ts":"2026-09-08T14:18:14.085+02:00","source":{"id":"0","name":"eventBus"}}
{"__type":"$$EventMessageNode","id":"f4a22faa-b8eb-481e-9305-4a37d2b8af98","ts":"2026-09-08T14:18:14.960+02:00","eventName":"n8n.node.finished","message":"n8n.node.finished","payload":{"workflowId":"uz8sNltV71L72UPg","workflowName":"Braccio Fatture","executionId":"93","nodeType":"n8n-nodes-base.emailSend","nodeName":"Email Fatture","nodeId":"d4432173-c085-4fe5-8f90-a2fa13006ae6"}}
{"__type":"$$EventMessageConfirm","confirm":"f4a22faa-b8eb-481e-9305-4a37d2b8af98","ts":"2026-09-08T14:18:14.960+02:00","source":{"id":"0","name":"eventBus"}}
{"__type":"$$EventMessageWorkflow","id":"10ab6eaf-0162-417b-bad4-e8527c668b55","ts":"2026-09-08T14:18:14.961+02:00","eventName":"n8n.workflow.success","message":"n8n.workflow.success","payload":{"userId":"25dc20bc-d38f-4775-a72b-41f6a2d9e770","executionId":"93","success":true,"isManual":true,"mode":"manual","workflowId":"uz8sNltV71L72UPg","workflowName":"Braccio Fatture","projectId":"sxCUVzw8ro4cmdY7","projectName":"Lorenzo BOrdi <lorenzobordi17@gmail.com>"}}
{"__type":"$$EventMessageConfirm","confirm":"10ab6eaf-0162-417b-bad4-e8527c668b55","ts":"2026-09-08T14:18:14.962+02:00","source":{"id":"0","name":"eventBus"}}
