{"__type":"$$EventMessageAudit","id":"7e5c5feb-b7d4-4281-9b81-22a2e1ec3ecb","ts":"2026-08-10T13:01:27.579+00:00","eventName":"n8n.audit.workflow.executed","message":"n8n.audit.workflow.executed","payload":{"userId":"25dc20bc-d38f-4775-a72b-41f6a2d9e770","_email":"lorenzobordi17@gmail.com","_firstName":"Lorenzo","_lastName":"BOrdi","globalRole":"global:owner","workflowId":"uz8sNltV71L72UPg","workflowName":"Gruppo CR","executionId":"58","projectId":"sxCUVzw8ro4cmdY7","projectName":"Lorenzo BOrdi <lorenzobordi17@gmail.com>","source":"user-manual"}}
{"__type":"$$EventMessageConfirm","confirm":"7e5c5feb-b7d4-4281-9b81-22a2e1ec3ecb","ts":"2026-08-10T13:01:27.579+00:00","source":{"id":"0","name":"eventBus"}}
{"__type":"$$EventMessageWorkflow","id":"8a7ab939-b894-4acd-a266-df90bdabecbd","ts":"2026-08-10T13:01:27.582+00:00","eventName":"n8n.workflow.started","message":"n8n.workflow.started","payload":{"executionId":"58","workflowId":"uz8sNltV71L72UPg","isManual":false,"mode":"manual","workflowName":"Gruppo CR","projectId":"sxCUVzw8ro4cmdY7","projectName":"Lorenzo BOrdi <lorenzobordi17@gmail.com>"}}
{"__type":"$$EventMessageConfirm","confirm":"8a7ab939-b894-4acd-a266-df90bdabecbd","ts":"2026-08-10T13:01:27.582+00:00","source":{"id":"0","name":"eventBus"}}
{"__type":"$$EventMessageNode","id":"67441870-1b88-48d8-873d-079a5fc17781","ts":"2026-08-10T13:01:27.589+00:00","eventName":"n8n.node.started","message":"n8n.node.started","payload":{"workflowId":"uz8sNltV71L72UPg","workflowName":"Gruppo CR","executionId":"58","nodeType":"n8n-nodes-base.manualTrigger","nodeName":"Manuale","nodeId":"b1e2fbd3-cfc4-433f-89cd-e9a0cb27219b"}}
{"__type":"$$EventMessageConfirm","confirm":"67441870-1b88-48d8-873d-079a5fc17781","ts":"2026-08-10T13:01:27.589+00:00","source":{"id":"0","name":"eventBus"}}
{"__type":"$$EventMessageNode","id":"4511107b-a0b6-49b2-be96-255d79e6d5bc","ts":"2026-08-10T13:01:27.592+00:00","eventName":"n8n.node.finished","message":"n8n.node.finished","payload":{"workflowId":"uz8sNltV71L72UPg","workflowName":"Gruppo CR","executionId":"58","nodeType":"n8n-nodes-base.manualTrigger","nodeName":"Manuale","nodeId":"b1e2fbd3-cfc4-433f-89cd-e9a0cb27219b"}}
{"__type":"$$EventMessageConfirm","confirm":"4511107b-a0b6-49b2-be96-255d79e6d5bc","ts":"2026-08-10T13:01:27.592+00:00","source":{"id":"0","name":"eventBus"}}
{"__type":"$$EventMessageNode","id":"d3ddcf0a-71ce-4aac-a606-a69c65e8dd92","ts":"2026-08-10T13:01:27.593+00:00","eventName":"n8n.node.started","message":"n8n.node.started","payload":{"workflowId":"uz8sNltV71L72UPg","workflowName":"Gruppo CR","executionId":"58","nodeType":"n8n-nodes-base.set","nodeName":"Orario Elaborazione","nodeId":"8ee16920-d2fc-4046-9949-ef0751b35114"}}
{"__type":"$$EventMessageConfirm","confirm":"d3ddcf0a-71ce-4aac-a606-a69c65e8dd92","ts":"2026-08-10T13:01:27.593+00:00","source":{"id":"0","name":"eventBus"}}
{"__type":"$$EventMessageNode","id":"f3964f4f-0574-4591-b3c8-45587d6ad5f7","ts":"2026-08-10T15:01:27.619+02:00","eventName":"n8n.node.finished","message":"n8n.node.finished","payload":{"workflowId":"uz8sNltV71L72UPg","workflowName":"Gruppo CR","executionId":"58","nodeType":"n8n-nodes-base.set","nodeName":"Orario Elaborazione","nodeId":"8ee16920-d2fc-4046-9949-ef0751b35114"}}
{"__type":"$$EventMessageConfirm","confirm":"f3964f4f-0574-4591-b3c8-45587d6ad5f7","ts":"2026-08-10T15:01:27.619+02:00","source":{"id":"0","name":"eventBus"}}
{"__type":"$$EventMessageWorkflow","id":"88715ff3-42ea-45e4-ba78-024252519566","ts":"2026-08-10T15:01:27.621+02:00","eventName":"n8n.workflow.success","message":"n8n.workflow.success","payload":{"userId":"25dc20bc-d38f-4775-a72b-41f6a2d9e770","executionId":"58","success":true,"isManual":true,"mode":"manual","workflowId":"uz8sNltV71L72UPg","workflowName":"Gruppo CR","projectId":"sxCUVzw8ro4cmdY7","projectName":"Lorenzo BOrdi <lorenzobordi17@gmail.com>"}}
{"__type":"$$EventMessageConfirm","confirm":"88715ff3-42ea-45e4-ba78-024252519566","ts":"2026-08-10T15:01:27.621+02:00","source":{"id":"0","name":"eventBus"}}
{"__type":"$$EventMessageAudit","id":"dde065e6-7122-4188-9cd8-3e3c48cb104a","ts":"2026-08-10T15:01:43.038+02:00","eventName":"n8n.audit.workflow.executed","message":"n8n.audit.workflow.executed","payload":{"userId":"25dc20bc-d38f-4775-a72b-41f6a2d9e770","_email":"lorenzobordi17@gmail.com","_firstName":"Lorenzo","_lastName":"BOrdi","globalRole":"global:owner","workflowId":"uz8sNltV71L72UPg","workflowName":"Gruppo CR","executionId":"59","projectId":"sxCUVzw8ro4cmdY7","projectName":"Lorenzo BOrdi <lorenzobordi17@gmail.com>","source":"user-manual"}}
{"__type":"$$EventMessageConfirm","confirm":"dde065e6-7122-4188-9cd8-3e3c48cb104a","ts":"2026-08-10T15:01:43.039+02:00","source":{"id":"0","name":"eventBus"}}
{"__type":"$$EventMessageWorkflow","id":"48ff0665-69cc-4bec-82d9-36a814229d33","ts":"2026-08-10T15:01:43.040+02:00","eventName":"n8n.workflow.started","message":"n8n.workflow.started","payload":{"executionId":"59","workflowId":"uz8sNltV71L72UPg","isManual":false,"mode":"manual","workflowName":"Gruppo CR","projectId":"sxCUVzw8ro4cmdY7","projectName":"Lorenzo BOrdi <lorenzobordi17@gmail.com>"}}
{"__type":"$$EventMessageConfirm","confirm":"48ff0665-69cc-4bec-82d9-36a814229d33","ts":"2026-08-10T15:01:43.040+02:00","source":{"id":"0","name":"eventBus"}}
{"__type":"$$EventMessageNode","id":"50952fa2-2215-49d6-a1fb-043b6d931308","ts":"2026-08-10T15:01:43.049+02:00","eventName":"n8n.node.started","message":"n8n.node.started","payload":{"workflowId":"uz8sNltV71L72UPg","workflowName":"Gruppo CR","executionId":"59","nodeType":"n8n-nodes-base.readWriteFile","nodeName":"Leggi PDF","nodeId":"ef2a2d66-95f8-4ae6-b7dd-50842c289ffb"}}
{"__type":"$$EventMessageConfirm","confirm":"50952fa2-2215-49d6-a1fb-043b6d931308","ts":"2026-08-10T15:01:43.049+02:00","source":{"id":"0","name":"eventBus"}}
{"__type":"$$EventMessageNode","id":"c875fc6f-fd16-4674-b4c4-5db980fe26c3","ts":"2026-08-10T15:01:43.162+02:00","eventName":"n8n.node.finished","message":"n8n.node.finished","payload":{"workflowId":"uz8sNltV71L72UPg","workflowName":"Gruppo CR","executionId":"59","nodeType":"n8n-nodes-base.readWriteFile","nodeName":"Leggi PDF","nodeId":"ef2a2d66-95f8-4ae6-b7dd-50842c289ffb"}}
{"__type":"$$EventMessageConfirm","confirm":"c875fc6f-fd16-4674-b4c4-5db980fe26c3","ts":"2026-08-10T15:01:43.162+02:00","source":{"id":"0","name":"eventBus"}}
{"__type":"$$EventMessageNode","id":"d951ff17-95c5-4d20-a456-8b5829aca3e6","ts":"2026-08-10T15:01:43.163+02:00","eventName":"n8n.node.started","message":"n8n.node.started","payload":{"workflowId":"uz8sNltV71L72UPg","workflowName":"Gruppo CR","executionId":"59","nodeType":"n8n-nodes-base.httpRequest","nodeName":"Motore Python","nodeId":"86c32f83-f4d0-4b87-a59b-7ded2a484ffe"}}
{"__type":"$$EventMessageConfirm","confirm":"d951ff17-95c5-4d20-a456-8b5829aca3e6","ts":"2026-08-10T15:01:43.163+02:00","source":{"id":"0","name":"eventBus"}}
{"__type":"$$EventMessageWorkflow","id":"88e04d27-882b-447c-91dc-00e06e2e1847","ts":"2026-08-10T15:01:46.728+02:00","eventName":"n8n.workflow.cancelled","message":"n8n.workflow.cancelled","payload":{"executionId":"59","workflowId":"uz8sNltV71L72UPg","workflowName":"Gruppo CR","reason":"manual"}}
{"__type":"$$EventMessageConfirm","confirm":"88e04d27-882b-447c-91dc-00e06e2e1847","ts":"2026-08-10T15:01:46.728+02:00","source":{"id":"0","name":"eventBus"}}
{"__type":"$$EventMessageWorkflow","id":"63790048-6ba1-485f-a0d9-bd54b02180bc","ts":"2026-08-10T15:01:46.728+02:00","eventName":"n8n.workflow.failed","message":"n8n.workflow.failed","payload":{"userId":"25dc20bc-d38f-4775-a72b-41f6a2d9e770","executionId":"59","success":false,"isManual":true,"mode":"manual","workflowId":"uz8sNltV71L72UPg","workflowName":"Gruppo CR","projectId":"sxCUVzw8ro4cmdY7","projectName":"Lorenzo BOrdi <lorenzobordi17@gmail.com>","lastNodeExecuted":"Leggi PDF"}}
{"__type":"$$EventMessageConfirm","confirm":"63790048-6ba1-485f-a0d9-bd54b02180bc","ts":"2026-08-10T15:01:46.728+02:00","source":{"id":"0","name":"eventBus"}}
