{"__type":"$$EventMessageAudit","id":"65e907b3-3306-4be9-b8e0-a954128201ad","ts":"2026-09-08T08:39:29.137+00:00","eventName":"n8n.audit.workflow.updated","message":"n8n.audit.workflow.updated","payload":{"userId":"25dc20bc-d38f-4775-a72b-41f6a2d9e770","_email":"lorenzobordi17@gmail.com","_firstName":"Lorenzo","_lastName":"BOrdi","globalRole":"global:owner","workflowId":"uz8sNltV71L72UPg","workflowName":"Braccio Fatture"}}
{"__type":"$$EventMessageConfirm","confirm":"65e907b3-3306-4be9-b8e0-a954128201ad","ts":"2026-09-08T08:39:29.137+00:00","source":{"id":"0","name":"eventBus"}}
{"__type":"$$EventMessageAudit","id":"6d76d16a-0997-4263-aab1-129f541c88be","ts":"2026-09-08T08:39:54.539+00:00","eventName":"n8n.audit.workflow.executed","message":"n8n.audit.workflow.executed","payload":{"userId":"25dc20bc-d38f-4775-a72b-41f6a2d9e770","_email":"lorenzobordi17@gmail.com","_firstName":"Lorenzo","_lastName":"BOrdi","globalRole":"global:owner","workflowId":"uz8sNltV71L72UPg","workflowName":"Braccio Fatture","executionId":"90","projectId":"sxCUVzw8ro4cmdY7","projectName":"Lorenzo BOrdi <lorenzobordi17@gmail.com>","source":"user-manual"}}
{"__type":"$$EventMessageConfirm","confirm":"6d76d16a-0997-4263-aab1-129f541c88be","ts":"2026-09-08T08:39:54.539+00:00","source":{"id":"0","name":"eventBus"}}
{"__type":"$$EventMessageWorkflow","id":"23b271fb-81d7-4bfa-aba1-b5afbcd4e473","ts":"2026-09-08T08:39:54.606+00:00","eventName":"n8n.workflow.started","message":"n8n.workflow.started","payload":{"executionId":"90","workflowId":"uz8sNltV71L72UPg","isManual":false,"mode":"manual","workflowName":"Braccio Fatture","projectId":"sxCUVzw8ro4cmdY7","projectName":"Lorenzo BOrdi <lorenzobordi17@gmail.com>"}}
{"__type":"$$EventMessageConfirm","confirm":"23b271fb-81d7-4bfa-aba1-b5afbcd4e473","ts":"2026-09-08T08:39:54.606+00:00","source":{"id":"0","name":"eventBus"}}
{"__type":"$$EventMessageNode","id":"67e480c8-8849-4497-9967-fad6f0d314df","ts":"2026-09-08T08:39:54.618+00:00","eventName":"n8n.node.started","message":"n8n.node.started","payload":{"workflowId":"uz8sNltV71L72UPg","workflowName":"Braccio Fatture","executionId":"90","nodeType":"n8n-nodes-base.manualTrigger","nodeName":"Manuale","nodeId":"b1e2fbd3-cfc4-433f-89cd-e9a0cb27219b"}}
{"__type":"$$EventMessageConfirm","confirm":"67e480c8-8849-4497-9967-fad6f0d314df","ts":"2026-09-08T08:39:54.618+00:00","source":{"id":"0","name":"eventBus"}}
{"__type":"$$EventMessageNode","id":"18ca5299-2735-447a-9ef6-74fec8ec4253","ts":"2026-09-08T08:39:54.626+00:00","eventName":"n8n.node.finished","message":"n8n.node.finished","payload":{"workflowId":"uz8sNltV71L72UPg","workflowName":"Braccio Fatture","executionId":"90","nodeType":"n8n-nodes-base.manualTrigger","nodeName":"Manuale","nodeId":"b1e2fbd3-cfc4-433f-89cd-e9a0cb27219b"}}
{"__type":"$$EventMessageConfirm","confirm":"18ca5299-2735-447a-9ef6-74fec8ec4253","ts":"2026-09-08T08:39:54.626+00:00","source":{"id":"0","name":"eventBus"}}
{"__type":"$$EventMessageNode","id":"90aa5169-b786-4708-8fee-a1c1e48722f8","ts":"2026-09-08T08:39:54.628+00:00","eventName":"n8n.node.started","message":"n8n.node.started","payload":{"workflowId":"uz8sNltV71L72UPg","workflowName":"Braccio Fatture","executionId":"90","nodeType":"n8n-nodes-base.set","nodeName":"Orario Elaborazione","nodeId":"8ee16920-d2fc-4046-9949-ef0751b35114"}}
{"__type":"$$EventMessageConfirm","confirm":"90aa5169-b786-4708-8fee-a1c1e48722f8","ts":"2026-09-08T08:39:54.628+00:00","source":{"id":"0","name":"eventBus"}}
{"__type":"$$EventMessageNode","id":"943b9184-bf3c-4da5-b811-3dc2c4206c2f","ts":"2026-09-08T10:39:54.681+02:00","eventName":"n8n.node.finished","message":"n8n.node.finished","payload":{"workflowId":"uz8sNltV71L72UPg","workflowName":"Braccio Fatture","executionId":"90","nodeType":"n8n-nodes-base.set","nodeName":"Orario Elaborazione","nodeId":"8ee16920-d2fc-4046-9949-ef0751b35114"}}
{"__type":"$$EventMessageConfirm","confirm":"943b9184-bf3c-4da5-b811-3dc2c4206c2f","ts":"2026-09-08T10:39:54.682+02:00","source":{"id":"0","name":"eventBus"}}
{"__type":"$$EventMessageNode","id":"59a3f155-b437-4fc1-bac3-a8655e27f4b4","ts":"2026-09-08T10:39:54.683+02:00","eventName":"n8n.node.started","message":"n8n.node.started","payload":{"workflowId":"uz8sNltV71L72UPg","workflowName":"Braccio Fatture","executionId":"90","nodeType":"n8n-nodes-base.readWriteFile","nodeName":"Leggi PDF","nodeId":"ef2a2d66-95f8-4ae6-b7dd-50842c289ffb"}}
{"__type":"$$EventMessageConfirm","confirm":"59a3f155-b437-4fc1-bac3-a8655e27f4b4","ts":"2026-09-08T10:39:54.683+02:00","source":{"id":"0","name":"eventBus"}}
{"__type":"$$EventMessageNode","id":"7b0a2209-7d7f-42b8-938a-ac330125f8f7","ts":"2026-09-08T10:39:55.332+02:00","eventName":"n8n.node.finished","message":"n8n.node.finished","payload":{"workflowId":"uz8sNltV71L72UPg","workflowName":"Braccio Fatture","executionId":"90","nodeType":"n8n-nodes-base.readWriteFile","nodeName":"Leggi PDF","nodeId":"ef2a2d66-95f8-4ae6-b7dd-50842c289ffb"}}
{"__type":"$$EventMessageConfirm","confirm":"7b0a2209-7d7f-42b8-938a-ac330125f8f7","ts":"2026-09-08T10:39:55.332+02:00","source":{"id":"0","name":"eventBus"}}
{"__type":"$$EventMessageNode","id":"97da414e-3904-4bde-913f-b650f7a40753","ts":"2026-09-08T10:39:55.334+02:00","eventName":"n8n.node.started","message":"n8n.node.started","payload":{"workflowId":"uz8sNltV71L72UPg","workflowName":"Braccio Fatture","executionId":"90","nodeType":"n8n-nodes-base.httpRequest","nodeName":"Motore Python","nodeId":"86c32f83-f4d0-4b87-a59b-7ded2a484ffe"}}
{"__type":"$$EventMessageConfirm","confirm":"97da414e-3904-4bde-913f-b650f7a40753","ts":"2026-09-08T10:39:55.334+02:00","source":{"id":"0","name":"eventBus"}}
{"__type":"$$EventMessageNode","id":"6321904f-93d6-4a1f-88fd-fbac8f331fae","ts":"2026-09-08T10:48:50.127+02:00","eventName":"n8n.node.finished","message":"n8n.node.finished","payload":{"workflowId":"uz8sNltV71L72UPg","workflowName":"Braccio Fatture","executionId":"90","nodeType":"n8n-nodes-base.httpRequest","nodeName":"Motore Python","nodeId":"86c32f83-f4d0-4b87-a59b-7ded2a484ffe"}}
{"__type":"$$EventMessageConfirm","confirm":"6321904f-93d6-4a1f-88fd-fbac8f331fae","ts":"2026-09-08T10:48:50.127+02:00","source":{"id":"0","name":"eventBus"}}
{"__type":"$$EventMessageNode","id":"16738cfa-69db-4fb9-92cd-692f913114f9","ts":"2026-09-08T10:48:50.129+02:00","eventName":"n8n.node.started","message":"n8n.node.started","payload":{"workflowId":"uz8sNltV71L72UPg","workflowName":"Braccio Fatture","executionId":"90","nodeType":"n8n-nodes-base.httpRequest","nodeName":"Dati riepilogo","nodeId":"ae2ede57-515e-4f21-a499-e1af9cd8ff7f"}}
{"__type":"$$EventMessageConfirm","confirm":"16738cfa-69db-4fb9-92cd-692f913114f9","ts":"2026-09-08T10:48:50.130+02:00","source":{"id":"0","name":"eventBus"}}
{"__type":"$$EventMessageNode","id":"09e48fe1-f4c4-4df2-8e86-e27711547c61","ts":"2026-09-08T10:48:50.259+02:00","eventName":"n8n.node.finished","message":"n8n.node.finished","payload":{"workflowId":"uz8sNltV71L72UPg","workflowName":"Braccio Fatture","executionId":"90","nodeType":"n8n-nodes-base.httpRequest","nodeName":"Dati riepilogo","nodeId":"ae2ede57-515e-4f21-a499-e1af9cd8ff7f"}}
{"__type":"$$EventMessageConfirm","confirm":"09e48fe1-f4c4-4df2-8e86-e27711547c61","ts":"2026-09-08T10:48:50.259+02:00","source":{"id":"0","name":"eventBus"}}
{"__type":"$$EventMessageNode","id":"6fabf568-5031-48e7-9365-bb404a6446bc","ts":"2026-09-08T10:48:50.260+02:00","eventName":"n8n.node.started","message":"n8n.node.started","payload":{"workflowId":"uz8sNltV71L72UPg","workflowName":"Braccio Fatture","executionId":"90","nodeType":"n8n-nodes-base.code","nodeName":"Html Email","nodeId":"a0aa899a-a97b-47e4-b192-f2a55efa4f8c"}}
{"__type":"$$EventMessageConfirm","confirm":"6fabf568-5031-48e7-9365-bb404a6446bc","ts":"2026-09-08T10:48:50.260+02:00","source":{"id":"0","name":"eventBus"}}
{"__type":"$$EventMessageRunner","id":"2de7d137-f828-4ce1-a9e8-d9ccedb84a17","ts":"2026-09-08T10:48:50.274+02:00","eventName":"n8n.runner.task.requested","message":"n8n.runner.task.requested","payload":{"taskId":"5Lxn_GWm","nodeId":"a0aa899a-a97b-47e4-b192-f2a55efa4f8c","workflowId":"uz8sNltV71L72UPg","executionId":"90"}}
{"__type":"$$EventMessageConfirm","confirm":"2de7d137-f828-4ce1-a9e8-d9ccedb84a17","ts":"2026-09-08T10:48:50.274+02:00","source":{"id":"0","name":"eventBus"}}
{"__type":"$$EventMessageRunner","id":"216431e0-56d1-4a41-96a2-a827273e7e27","ts":"2026-09-08T10:48:50.355+02:00","eventName":"n8n.runner.response.received","message":"n8n.runner.response.received","payload":{"taskId":"5Lxn_GWm","nodeId":"a0aa899a-a97b-47e4-b192-f2a55efa4f8c","workflowId":"uz8sNltV71L72UPg","executionId":"90"}}
{"__type":"$$EventMessageConfirm","confirm":"216431e0-56d1-4a41-96a2-a827273e7e27","ts":"2026-09-08T10:48:50.355+02:00","source":{"id":"0","name":"eventBus"}}
{"__type":"$$EventMessageNode","id":"edf3bed8-99ff-4a8a-9216-cdab8734a30e","ts":"2026-09-08T10:48:50.356+02:00","eventName":"n8n.node.finished","message":"n8n.node.finished","payload":{"workflowId":"uz8sNltV71L72UPg","workflowName":"Braccio Fatture","executionId":"90","nodeType":"n8n-nodes-base.code","nodeName":"Html Email","nodeId":"a0aa899a-a97b-47e4-b192-f2a55efa4f8c"}}
{"__type":"$$EventMessageConfirm","confirm":"edf3bed8-99ff-4a8a-9216-cdab8734a30e","ts":"2026-09-08T10:48:50.356+02:00","source":{"id":"0","name":"eventBus"}}
{"__type":"$$EventMessageNode","id":"f9007191-84a1-486a-80fd-f0f307e7cab6","ts":"2026-09-08T10:48:50.357+02:00","eventName":"n8n.node.started","message":"n8n.node.started","payload":{"workflowId":"uz8sNltV71L72UPg","workflowName":"Braccio Fatture","executionId":"90","nodeType":"n8n-nodes-base.emailSend","nodeName":"Email riepilogo","nodeId":"7334051e-07ec-43bf-ad74-c10c6f855265"}}
{"__type":"$$EventMessageConfirm","confirm":"f9007191-84a1-486a-80fd-f0f307e7cab6","ts":"2026-09-08T10:48:50.358+02:00","source":{"id":"0","name":"eventBus"}}
{"__type":"$$EventMessageNode","id":"13b31d24-7d2c-4836-b763-2ad5fb6a4a80","ts":"2026-09-08T10:48:51.478+02:00","eventName":"n8n.node.finished","message":"n8n.node.finished","payload":{"workflowId":"uz8sNltV71L72UPg","workflowName":"Braccio Fatture","executionId":"90","nodeType":"n8n-nodes-base.emailSend","nodeName":"Email riepilogo","nodeId":"7334051e-07ec-43bf-ad74-c10c6f855265"}}
{"__type":"$$EventMessageConfirm","confirm":"13b31d24-7d2c-4836-b763-2ad5fb6a4a80","ts":"2026-09-08T10:48:51.478+02:00","source":{"id":"0","name":"eventBus"}}
{"__type":"$$EventMessageWorkflow","id":"4ba5d438-69f3-43e3-8547-b4a9298d7a75","ts":"2026-09-08T10:48:51.480+02:00","eventName":"n8n.workflow.success","message":"n8n.workflow.success","payload":{"userId":"25dc20bc-d38f-4775-a72b-41f6a2d9e770","executionId":"90","success":true,"isManual":true,"mode":"manual","workflowId":"uz8sNltV71L72UPg","workflowName":"Braccio Fatture","projectId":"sxCUVzw8ro4cmdY7","projectName":"Lorenzo BOrdi <lorenzobordi17@gmail.com>"}}
{"__type":"$$EventMessageConfirm","confirm":"4ba5d438-69f3-43e3-8547-b4a9298d7a75","ts":"2026-09-08T10:48:51.480+02:00","source":{"id":"0","name":"eventBus"}}
