{"__type":"$$EventMessageAudit","id":"5be118af-88f3-4b5e-8515-5b8369253ac2","ts":"2026-08-30T09:07:17.969+00:00","eventName":"n8n.audit.workflow.executed","message":"n8n.audit.workflow.executed","payload":{"userId":"25dc20bc-d38f-4775-a72b-41f6a2d9e770","_email":"lorenzobordi17@gmail.com","_firstName":"Lorenzo","_lastName":"BOrdi","globalRole":"global:owner","workflowId":"uz8sNltV71L72UPg","workflowName":"Gruppo CR","executionId":"65","projectId":"sxCUVzw8ro4cmdY7","projectName":"Lorenzo BOrdi <lorenzobordi17@gmail.com>","source":"user-manual"}}
{"__type":"$$EventMessageConfirm","confirm":"5be118af-88f3-4b5e-8515-5b8369253ac2","ts":"2026-08-30T09:07:17.969+00:00","source":{"id":"0","name":"eventBus"}}
{"__type":"$$EventMessageWorkflow","id":"9516a8ac-1721-4ea8-9291-ccee62c64335","ts":"2026-08-30T09:07:17.972+00:00","eventName":"n8n.workflow.started","message":"n8n.workflow.started","payload":{"executionId":"65","workflowId":"uz8sNltV71L72UPg","isManual":false,"mode":"manual","workflowName":"Gruppo CR","projectId":"sxCUVzw8ro4cmdY7","projectName":"Lorenzo BOrdi <lorenzobordi17@gmail.com>"}}
{"__type":"$$EventMessageConfirm","confirm":"9516a8ac-1721-4ea8-9291-ccee62c64335","ts":"2026-08-30T09:07:17.972+00:00","source":{"id":"0","name":"eventBus"}}
{"__type":"$$EventMessageNode","id":"689074de-b8f1-4d78-aee3-a679ec69e07d","ts":"2026-08-30T09:07:17.978+00:00","eventName":"n8n.node.started","message":"n8n.node.started","payload":{"workflowId":"uz8sNltV71L72UPg","workflowName":"Gruppo CR","executionId":"65","nodeType":"n8n-nodes-base.manualTrigger","nodeName":"Manuale","nodeId":"b1e2fbd3-cfc4-433f-89cd-e9a0cb27219b"}}
{"__type":"$$EventMessageConfirm","confirm":"689074de-b8f1-4d78-aee3-a679ec69e07d","ts":"2026-08-30T09:07:17.978+00:00","source":{"id":"0","name":"eventBus"}}
{"__type":"$$EventMessageNode","id":"a3cd7dc0-de41-4ac3-97f7-444d0a921401","ts":"2026-08-30T09:07:17.980+00:00","eventName":"n8n.node.finished","message":"n8n.node.finished","payload":{"workflowId":"uz8sNltV71L72UPg","workflowName":"Gruppo CR","executionId":"65","nodeType":"n8n-nodes-base.manualTrigger","nodeName":"Manuale","nodeId":"b1e2fbd3-cfc4-433f-89cd-e9a0cb27219b"}}
{"__type":"$$EventMessageConfirm","confirm":"a3cd7dc0-de41-4ac3-97f7-444d0a921401","ts":"2026-08-30T09:07:17.980+00:00","source":{"id":"0","name":"eventBus"}}
{"__type":"$$EventMessageNode","id":"de7873c0-1a3b-4298-bf9d-39be6eb6478e","ts":"2026-08-30T09:07:17.981+00:00","eventName":"n8n.node.started","message":"n8n.node.started","payload":{"workflowId":"uz8sNltV71L72UPg","workflowName":"Gruppo CR","executionId":"65","nodeType":"n8n-nodes-base.set","nodeName":"Orario Elaborazione","nodeId":"8ee16920-d2fc-4046-9949-ef0751b35114"}}
{"__type":"$$EventMessageConfirm","confirm":"de7873c0-1a3b-4298-bf9d-39be6eb6478e","ts":"2026-08-30T09:07:17.981+00:00","source":{"id":"0","name":"eventBus"}}
{"__type":"$$EventMessageNode","id":"795301a8-4da7-45db-af41-45d4760f0468","ts":"2026-08-30T11:07:18.004+02:00","eventName":"n8n.node.finished","message":"n8n.node.finished","payload":{"workflowId":"uz8sNltV71L72UPg","workflowName":"Gruppo CR","executionId":"65","nodeType":"n8n-nodes-base.set","nodeName":"Orario Elaborazione","nodeId":"8ee16920-d2fc-4046-9949-ef0751b35114"}}
{"__type":"$$EventMessageConfirm","confirm":"795301a8-4da7-45db-af41-45d4760f0468","ts":"2026-08-30T11:07:18.005+02:00","source":{"id":"0","name":"eventBus"}}
{"__type":"$$EventMessageNode","id":"0631668e-4bf7-4221-88e5-7e4067e1e5c7","ts":"2026-08-30T11:07:18.005+02:00","eventName":"n8n.node.started","message":"n8n.node.started","payload":{"workflowId":"uz8sNltV71L72UPg","workflowName":"Gruppo CR","executionId":"65","nodeType":"n8n-nodes-base.readWriteFile","nodeName":"Leggi PDF","nodeId":"ef2a2d66-95f8-4ae6-b7dd-50842c289ffb"}}
{"__type":"$$EventMessageConfirm","confirm":"0631668e-4bf7-4221-88e5-7e4067e1e5c7","ts":"2026-08-30T11:07:18.005+02:00","source":{"id":"0","name":"eventBus"}}
{"__type":"$$EventMessageNode","id":"a3eee389-1972-4b57-8de6-6ad548d94a64","ts":"2026-08-30T11:07:18.118+02:00","eventName":"n8n.node.finished","message":"n8n.node.finished","payload":{"workflowId":"uz8sNltV71L72UPg","workflowName":"Gruppo CR","executionId":"65","nodeType":"n8n-nodes-base.readWriteFile","nodeName":"Leggi PDF","nodeId":"ef2a2d66-95f8-4ae6-b7dd-50842c289ffb"}}
{"__type":"$$EventMessageConfirm","confirm":"a3eee389-1972-4b57-8de6-6ad548d94a64","ts":"2026-08-30T11:07:18.119+02:00","source":{"id":"0","name":"eventBus"}}
{"__type":"$$EventMessageNode","id":"adf604d8-282d-4f75-a35a-b22294d70abd","ts":"2026-08-30T11:07:18.119+02:00","eventName":"n8n.node.started","message":"n8n.node.started","payload":{"workflowId":"uz8sNltV71L72UPg","workflowName":"Gruppo CR","executionId":"65","nodeType":"n8n-nodes-base.httpRequest","nodeName":"Motore Python","nodeId":"86c32f83-f4d0-4b87-a59b-7ded2a484ffe"}}
{"__type":"$$EventMessageConfirm","confirm":"adf604d8-282d-4f75-a35a-b22294d70abd","ts":"2026-08-30T11:07:18.120+02:00","source":{"id":"0","name":"eventBus"}}
{"__type":"$$EventMessageNode","id":"b87b53d0-a00c-42de-a527-5b23c5a49079","ts":"2026-08-30T11:21:22.600+02:00","eventName":"n8n.node.finished","message":"n8n.node.finished","payload":{"workflowId":"uz8sNltV71L72UPg","workflowName":"Gruppo CR","executionId":"65","nodeType":"n8n-nodes-base.httpRequest","nodeName":"Motore Python","nodeId":"86c32f83-f4d0-4b87-a59b-7ded2a484ffe"}}
{"__type":"$$EventMessageConfirm","confirm":"b87b53d0-a00c-42de-a527-5b23c5a49079","ts":"2026-08-30T11:21:22.602+02:00","source":{"id":"0","name":"eventBus"}}
{"__type":"$$EventMessageNode","id":"a620297a-3742-4afd-8c09-3d3cc3d66b82","ts":"2026-08-30T11:21:22.604+02:00","eventName":"n8n.node.started","message":"n8n.node.started","payload":{"workflowId":"uz8sNltV71L72UPg","workflowName":"Gruppo CR","executionId":"65","nodeType":"n8n-nodes-base.httpRequest","nodeName":"Dati riepilogo","nodeId":"ae2ede57-515e-4f21-a499-e1af9cd8ff7f"}}
{"__type":"$$EventMessageConfirm","confirm":"a620297a-3742-4afd-8c09-3d3cc3d66b82","ts":"2026-08-30T11:21:22.604+02:00","source":{"id":"0","name":"eventBus"}}
{"__type":"$$EventMessageNode","id":"f9cba936-5a54-4dd6-a348-2fcb249f251b","ts":"2026-08-30T11:21:22.664+02:00","eventName":"n8n.node.finished","message":"n8n.node.finished","payload":{"workflowId":"uz8sNltV71L72UPg","workflowName":"Gruppo CR","executionId":"65","nodeType":"n8n-nodes-base.httpRequest","nodeName":"Dati riepilogo","nodeId":"ae2ede57-515e-4f21-a499-e1af9cd8ff7f"}}
{"__type":"$$EventMessageConfirm","confirm":"f9cba936-5a54-4dd6-a348-2fcb249f251b","ts":"2026-08-30T11:21:22.664+02:00","source":{"id":"0","name":"eventBus"}}
{"__type":"$$EventMessageNode","id":"eb285f8b-e6df-4802-b810-399527f46ba6","ts":"2026-08-30T11:21:22.665+02:00","eventName":"n8n.node.started","message":"n8n.node.started","payload":{"workflowId":"uz8sNltV71L72UPg","workflowName":"Gruppo CR","executionId":"65","nodeType":"n8n-nodes-base.code","nodeName":"Html Email","nodeId":"a0aa899a-a97b-47e4-b192-f2a55efa4f8c"}}
{"__type":"$$EventMessageConfirm","confirm":"eb285f8b-e6df-4802-b810-399527f46ba6","ts":"2026-08-30T11:21:22.666+02:00","source":{"id":"0","name":"eventBus"}}
{"__type":"$$EventMessageRunner","id":"be43522a-e27e-4065-b79a-bd2cff37937a","ts":"2026-08-30T11:21:22.674+02:00","eventName":"n8n.runner.task.requested","message":"n8n.runner.task.requested","payload":{"taskId":"xqTRAgaW","nodeId":"a0aa899a-a97b-47e4-b192-f2a55efa4f8c","workflowId":"uz8sNltV71L72UPg","executionId":"65"}}
{"__type":"$$EventMessageConfirm","confirm":"be43522a-e27e-4065-b79a-bd2cff37937a","ts":"2026-08-30T11:21:22.674+02:00","source":{"id":"0","name":"eventBus"}}
{"__type":"$$EventMessageRunner","id":"774c1e1b-38d2-4620-96b6-73d92c1c1649","ts":"2026-08-30T11:21:22.773+02:00","eventName":"n8n.runner.response.received","message":"n8n.runner.response.received","payload":{"taskId":"xqTRAgaW","nodeId":"a0aa899a-a97b-47e4-b192-f2a55efa4f8c","workflowId":"uz8sNltV71L72UPg","executionId":"65"}}
{"__type":"$$EventMessageConfirm","confirm":"774c1e1b-38d2-4620-96b6-73d92c1c1649","ts":"2026-08-30T11:21:22.773+02:00","source":{"id":"0","name":"eventBus"}}
{"__type":"$$EventMessageNode","id":"6cb6288d-dbf6-4160-8579-7d068e0f242b","ts":"2026-08-30T11:21:22.774+02:00","eventName":"n8n.node.finished","message":"n8n.node.finished","payload":{"workflowId":"uz8sNltV71L72UPg","workflowName":"Gruppo CR","executionId":"65","nodeType":"n8n-nodes-base.code","nodeName":"Html Email","nodeId":"a0aa899a-a97b-47e4-b192-f2a55efa4f8c"}}
{"__type":"$$EventMessageConfirm","confirm":"6cb6288d-dbf6-4160-8579-7d068e0f242b","ts":"2026-08-30T11:21:22.774+02:00","source":{"id":"0","name":"eventBus"}}
{"__type":"$$EventMessageNode","id":"723160c0-5d4a-444c-a785-dac8f33f4c70","ts":"2026-08-30T11:21:22.775+02:00","eventName":"n8n.node.started","message":"n8n.node.started","payload":{"workflowId":"uz8sNltV71L72UPg","workflowName":"Gruppo CR","executionId":"65","nodeType":"n8n-nodes-base.emailSend","nodeName":"Email riepilogo","nodeId":"7334051e-07ec-43bf-ad74-c10c6f855265"}}
{"__type":"$$EventMessageConfirm","confirm":"723160c0-5d4a-444c-a785-dac8f33f4c70","ts":"2026-08-30T11:21:22.775+02:00","source":{"id":"0","name":"eventBus"}}
{"__type":"$$EventMessageNode","id":"117d3f93-6c82-4f4e-ba40-a2cace15dbdc","ts":"2026-08-30T11:21:23.965+02:00","eventName":"n8n.node.finished","message":"n8n.node.finished","payload":{"workflowId":"uz8sNltV71L72UPg","workflowName":"Gruppo CR","executionId":"65","nodeType":"n8n-nodes-base.emailSend","nodeName":"Email riepilogo","nodeId":"7334051e-07ec-43bf-ad74-c10c6f855265"}}
{"__type":"$$EventMessageConfirm","confirm":"117d3f93-6c82-4f4e-ba40-a2cace15dbdc","ts":"2026-08-30T11:21:23.965+02:00","source":{"id":"0","name":"eventBus"}}
{"__type":"$$EventMessageWorkflow","id":"78d089a1-f605-41b1-a4dd-6ee40f075167","ts":"2026-08-30T11:21:23.968+02:00","eventName":"n8n.workflow.success","message":"n8n.workflow.success","payload":{"userId":"25dc20bc-d38f-4775-a72b-41f6a2d9e770","executionId":"65","success":true,"isManual":true,"mode":"manual","workflowId":"uz8sNltV71L72UPg","workflowName":"Gruppo CR","projectId":"sxCUVzw8ro4cmdY7","projectName":"Lorenzo BOrdi <lorenzobordi17@gmail.com>"}}
{"__type":"$$EventMessageConfirm","confirm":"78d089a1-f605-41b1-a4dd-6ee40f075167","ts":"2026-08-30T11:21:23.968+02:00","source":{"id":"0","name":"eventBus"}}
